// Jest Snapshot v1, https://goo.gl/fbAQLP

exports[`Button should match snapshot 1`] = `
<body>
  <div>
    <button
      class="w-9 h-9  svelte-1o342qa"
    >
      <img
        alt="alt"
        class="w-6 w-full"
        src="/"
      />
       
      icon button
    </button>
  </div>
</body>
`;
