// Jest Snapshot v1, https://goo.gl/fbAQLP

exports[`Vote should match snapshot 1`] = `
<body>
  <div>
    <div
      class="w-full flex justify-end mb-[25px]"
    >
      <div
        class="flex"
      >
        <button
          class="w-12 h-12  svelte-1o342qa"
        >
          <img
            alt="voteCount"
            class="w-6 w-full"
            src="/images/icon/icn_people.svg"
          />
           
          9M
        </button>
         
        <button
          class="w-12 h-12  svelte-1o342qa"
        >
          <img
            alt="commentCount"
            class="w-6 w-full"
            src="/images/icon/icn_comment_line.svg"
          />
           
          999
        </button>
         
        <button
          class="w-12 h-12  svelte-1o342qa"
        >
          <img
            alt="likeCount"
            class="w-6 w-full"
            src="/images/icon/icn_heart_line.svg"
          />
           
          9.9K
        </button>
      </div>
    </div>
  </div>
</body>
`;
